
****************************************************************
****************************************************************
**                                                            **
**                                                            **
**        CCC     OO      SSS    M    M     OO      SSS       **
**       C       O  O    S       MM  MM    O  O    S          **
**       C       O  O     SS     M MM M    O  O     SS        **
**       C       O  O       S    M    M    O  O       S       **
**        CCC     OO     SSS     M    M     OO     SSS        **
**                                                            **
**                                                            **
**             SOLIDWORKS Simulation 2026 SP2.1               **
**                 Simulation Premium Package                 **
**           Distributed By: SOLIDWORKS Corporation           **
**               21255 Burbank Blvd Suite 400                 **
**               Woodland Hills, California 91367             **
**               Telephone Number (774)556-3100               **
**         Copyright 1988-2018 SOLIDWORKS Corporation         **
**                                                            **
****************************************************************
****************************************************************

Problem name: c:\users\tdxt\onedrive\documents\github\
Date        : 08/19/2026     Time:   21:06:13


 SYSTEM OF UNITS:
 International System of Units, SI, is used for all input/output data.
 Common Quantities:
 Length:meter, Mass:kilogram, Time:second, Temperature:kelvin
 Force:newton, Pressure also stress:pascal, Energy:joule, Power:watt

 NUMBER OF PHYSICAL CORES USED TO RUN SIMULATION:  0
   MAXIMUM MEMORY USED IN MEGABYTES . . . . . . (MAXMB)  =          25

